// Jest Snapshot v1, https://goo.gl/fbAQLP

exports[`(BUTTON) renders correctly 1`] = `
.c0 {
  width: 200px;
  height: 200px;
  border: 2px solid black;
  background: b;
}

<div
  className="c0"
/>
`;
